10-13 11:16 __main__     INFO      Построение FAISS индексов
10-13 11:16 __main__     INFO      Директория эмбеддингов: data\embeddings
10-13 11:16 __main__     INFO      Директория центроидов: data\centroids
10-13 11:16 __main__     INFO      Директория индексов: data\indexes
10-13 11:16 __main__     INFO      Режим: Инкрементальное обновление
10-13 11:16 faiss.loader INFO     Loading faiss with AVX2 support.
10-13 11:16 faiss.loader INFO     Could not load library with AVX2 support due to:
ModuleNotFoundError("No module named 'faiss.swigfaiss_avx2'")
10-13 11:16 faiss.loader INFO     Loading faiss.
10-13 11:16 faiss.loader INFO     Successfully loaded faiss.
10-13 11:16 __main__     INFO      FAISS загружен
10-13 11:18 __main__     INFO      Загружены существующие индексы: 1058109 изображений, 15841 центроидов
10-13 11:18 __main__     INFO      Загрузка эмбеддингов...
10-13 11:22 __main__     ERROR     Ошибка загрузки эмбеддингов: Unable to allocate 8.07 GiB for an array with shape (1058109, 2048) and data type float32
10-13 11:22 __main__     ERROR    
 Ошибка построения индексов
10-14 10:08 __main__     INFO      Построение FAISS индексов
10-14 10:08 __main__     INFO      Директория эмбеддингов: data\embeddings
10-14 10:08 __main__     INFO      Директория центроидов: data\centroids
10-14 10:08 __main__     INFO      Директория индексов: data\indexes
10-14 10:08 __main__     INFO      Режим: Инкрементальное обновление
10-14 10:08 faiss.loader INFO     Loading faiss with AVX2 support.
10-14 10:08 faiss.loader INFO     Could not load library with AVX2 support due to:
ModuleNotFoundError("No module named 'faiss.swigfaiss_avx2'")
10-14 10:08 faiss.loader INFO     Loading faiss.
10-14 10:08 faiss.loader INFO     Successfully loaded faiss.
10-14 10:08 __main__     INFO      FAISS загружен
10-14 10:11 __main__     INFO      Загружены существующие индексы: 1058109 изображений, 15841 центроидов
10-14 10:11 __main__     INFO      Загрузка эмбеддингов...
10-15 15:08 __main__     INFO      Построение FAISS индексов
10-15 15:08 __main__     INFO      Директория эмбеддингов: data\embeddings
10-15 15:08 __main__     INFO      Директория центроидов: data\centroids
10-15 15:08 __main__     INFO      Директория индексов: data\indexes
10-15 15:08 __main__     INFO      Режим: Инкрементальное обновление
10-15 15:08 faiss.loader INFO     Loading faiss with AVX2 support.
10-15 15:08 faiss.loader INFO     Could not load library with AVX2 support due to:
ModuleNotFoundError("No module named 'faiss.swigfaiss_avx2'")
10-15 15:08 faiss.loader INFO     Loading faiss.
10-15 15:08 faiss.loader INFO     Successfully loaded faiss.
10-15 15:08 __main__     INFO      FAISS загружен
10-15 15:08 __main__     INFO      Загружены существующие индексы: 1058109 изображений, 15841 центроидов
10-15 15:08 __main__     INFO      Загрузка эмбеддингов...
10-15 15:09 __main__     INFO      Загружено 1058109 эмбеддингов
10-15 15:09 __main__     INFO      Загрузка центроидов...
10-15 15:09 __main__     INFO      Загружено 15841 центроидов
10-15 15:09 __main__     INFO      Размерность эмбеддингов: 2048
10-15 15:09 __main__     INFO      Построение индекса по изображениям...
10-15 15:09 __main__     INFO         Создание IVF индекса с 10000 кластерами...
10-15 15:09 __main__     INFO         Обучение индекса на 100000 векторах...
10-15 15:16 __main__     INFO         Добавление 1058109 векторов в индекс...
10-15 15:24 __main__     INFO         Индекс по изображениям построен (1058109 векторов)
10-15 15:24 __main__     INFO      Построение индекса по центроидам...
10-15 15:24 __main__     INFO      Индекс по центроидам построен (15841 векторов)
10-15 15:24 __main__     WARNING    Ошибка создания бэкапа индекса изображений: [WinError 183] Невозможно создать файл, так как он уже существует: 'data\\indexes\\image_index.faiss' -> 'data\\indexes\\image_index.faiss.backup'
10-15 15:24 __main__     WARNING    Ошибка создания бэкапа индекса центроидов: [WinError 183] Невозможно создать файл, так как он уже существует: 'data\\indexes\\centroid_index.faiss' -> 'data\\indexes\\centroid_index.faiss.backup'
10-15 15:25 __main__     INFO      Индекс изображений сохранен: data\indexes\image_index.faiss
10-15 15:25 __main__     INFO      Индекс центроидов сохранен: data\indexes\centroid_index.faiss
10-15 15:25 __main__     INFO      Маппинги ID сохранены
10-15 15:25 __main__     INFO      Метаданные сохранены
10-15 15:25 __main__     INFO     
 РЕЗУЛЬТАТЫ
10-15 15:25 __main__     INFO      Индекс изображений: 8352.75 MB (1058109 векторов)
10-15 15:25 __main__     INFO      Индекс центроидов: 123.76 MB (15841 векторов)
10-15 15:25 __main__     INFO       Время обработки: 1010.38 сек
10-15 15:25 __main__     INFO      Сохранено в: data\indexes
10-15 15:25 __main__     INFO      Производительность: 1047.24 векторов/сек
10-15 15:25 __main__     INFO     
 Построение индексов завершено!
10-20 08:18 __main__     INFO      Построение FAISS индексов
10-20 08:18 __main__     INFO      Директория эмбеддингов: data\embeddings
10-20 08:18 __main__     INFO      Директория центроидов: data\centroids
10-20 08:18 __main__     INFO      Директория индексов: data\indexes
10-20 08:18 __main__     INFO      Режим: Полная перезапись
10-20 08:18 __main__     INFO       Принудительная перезапись - удаление существующих индексов...
10-20 08:18 __main__     INFO      Создан бэкап: image_index.faiss.backup
10-20 08:18 __main__     INFO      Создан бэкап: centroid_index.faiss.backup
10-20 08:18 __main__     INFO      Создан бэкап: metadata.json.backup
10-20 08:18 __main__     INFO      Создан бэкап: image_ids.npy.backup
10-20 08:18 __main__     INFO      Создан бэкап: centroid_names.npy.backup
10-20 08:18 __main__     INFO      Созданы бэкапы: 5 файлов
10-20 08:18 faiss.loader INFO     Loading faiss.
10-20 08:18 faiss.loader INFO     Successfully loaded faiss.
10-20 08:18 __main__     INFO      FAISS загружен
10-20 08:18 __main__     INFO      Загрузка эмбеддингов...
10-20 08:18 __main__     INFO      Загружено 1056432 эмбеддингов
10-20 08:18 __main__     INFO      Загрузка центроидов...
10-20 08:18 __main__     INFO      Загружено 15840 центроидов
10-20 08:18 __main__     INFO      Размерность эмбеддингов: 2048
10-20 08:18 __main__     INFO      Построение индекса по изображениям...
10-20 08:18 __main__     INFO         Создание IVF индекса с 10000 кластерами...
10-20 08:18 __main__     INFO         Обучение индекса на 100000 векторах...
10-20 08:23 __main__     INFO         Добавление 1056432 векторов в индекс...
10-20 08:29 __main__     INFO         Индекс по изображениям построен (1056432 векторов)
10-20 08:29 __main__     INFO      Построение индекса по центроидам...
10-20 08:29 __main__     INFO      Индекс по центроидам построен (15840 векторов)
10-20 08:30 __main__     INFO      Индекс изображений сохранен: data\indexes\image_index.faiss
10-20 08:30 __main__     INFO      Индекс центроидов сохранен: data\indexes\centroid_index.faiss
10-20 08:30 __main__     INFO      Маппинги ID сохранены
10-20 08:30 __main__     INFO      Метаданные сохранены
10-20 08:30 __main__     INFO     
 РЕЗУЛЬТАТЫ
10-20 08:30 __main__     INFO      Индекс изображений: 8339.64 MB (1056432 векторов)
10-20 08:30 __main__     INFO      Индекс центроидов: 123.75 MB (15840 векторов)
10-20 08:30 __main__     INFO       Время обработки: 731.09 сек
10-20 08:30 __main__     INFO      Сохранено в: data\indexes
10-20 08:30 __main__     INFO      Производительность: 1445.00 векторов/сек
10-20 08:30 __main__     INFO     
 Построение индексов завершено!
10-30 22:19 __main__     INFO      РџРѕСЃС‚СЂРѕРµРЅРёРµ FAISS РёРЅРґРµРєСЃРѕРІ
10-30 22:19 __main__     INFO      Р”РёСЂРµРєС‚РѕСЂРёСЏ СЌРјР±РµРґРґРёРЅРіРѕРІ: data/embeddings
10-30 22:19 __main__     INFO      Р”РёСЂРµРєС‚РѕСЂРёСЏ С†РµРЅС‚СЂРѕРёРґРѕРІ: data/centroids
10-30 22:19 __main__     INFO      Р”РёСЂРµРєС‚РѕСЂРёСЏ РёРЅРґРµРєСЃРѕРІ: data/indexes
10-30 22:19 __main__     INFO      Р РµР¶РёРј: РРЅРєСЂРµРјРµРЅС‚Р°Р»СЊРЅРѕРµ РѕР±РЅРѕРІР»РµРЅРёРµ
10-30 22:19 faiss.loader INFO     Loading faiss.
10-30 22:19 faiss.loader INFO     Successfully loaded faiss.
10-30 22:19 faiss        INFO     Failed to load GPU Faiss: name 'GpuIndexIVFFlat' is not defined. Will not load constructor refs for GPU indexes.
10-30 22:19 __main__     INFO      FAISS Р·Р°РіСЂСѓР¶РµРЅ
10-30 22:19 __main__     INFO      РЎРѕР·РґР°РЅРёРµ РЅРѕРІС‹С… РёРЅРґРµРєСЃРѕРІ...
10-30 22:19 __main__     INFO      Р—Р°РіСЂСѓР·РєР° СЌРјР±РµРґРґРёРЅРіРѕРІ...
10-30 22:19 __main__     INFO      Р—Р°РіСЂСѓР¶РµРЅРѕ 1056432 СЌРјР±РµРґРґРёРЅРіРѕРІ
10-30 22:19 __main__     INFO      Р—Р°РіСЂСѓР·РєР° С†РµРЅС‚СЂРѕРёРґРѕРІ...
10-30 22:19 __main__     INFO      Р—Р°РіСЂСѓР¶РµРЅРѕ 15840 С†РµРЅС‚СЂРѕРёРґРѕРІ
10-30 22:19 __main__     INFO      Р Р°Р·РјРµСЂРЅРѕСЃС‚СЊ СЌРјР±РµРґРґРёРЅРіРѕРІ: 2048
10-30 22:19 __main__     INFO      РџРѕСЃС‚СЂРѕРµРЅРёРµ РёРЅРґРµРєСЃР° РїРѕ РёР·РѕР±СЂР°Р¶РµРЅРёСЏРј...
10-30 22:19 __main__     INFO         РЎРѕР·РґР°РЅРёРµ IVF РёРЅРґРµРєСЃР° СЃ 10000 РєР»Р°СЃС‚РµСЂР°РјРё...
10-30 22:19 __main__     INFO         РћР±СѓС‡РµРЅРёРµ РёРЅРґРµРєСЃР° РЅР° 100000 РІРµРєС‚РѕСЂР°С…...
10-30 22:35 __main__     INFO     
  РћР±СЂР°Р±РѕС‚РєР° РїСЂРµСЂРІР°РЅР° РїРѕР»СЊР·РѕРІР°С‚РµР»РµРј
10-30 22:53 __main__     INFO      РџРѕСЃС‚СЂРѕРµРЅРёРµ FAISS РёРЅРґРµРєСЃРѕРІ
10-30 22:53 __main__     INFO      Р”РёСЂРµРєС‚РѕСЂРёСЏ СЌРјР±РµРґРґРёРЅРіРѕРІ: data/embeddings
10-30 22:53 __main__     INFO      Р”РёСЂРµРєС‚РѕСЂРёСЏ С†РµРЅС‚СЂРѕРёРґРѕРІ: data/centroids
10-30 22:53 __main__     INFO      Р”РёСЂРµРєС‚РѕСЂРёСЏ РёРЅРґРµРєСЃРѕРІ: data/indexes
10-30 22:53 __main__     INFO      Р РµР¶РёРј: РРЅРєСЂРµРјРµРЅС‚Р°Р»СЊРЅРѕРµ РѕР±РЅРѕРІР»РµРЅРёРµ
10-30 22:53 faiss.loader INFO     Loading faiss.
10-30 22:53 faiss.loader INFO     Successfully loaded faiss.
10-30 22:53 faiss        INFO     Failed to load GPU Faiss: name 'GpuIndexIVFFlat' is not defined. Will not load constructor refs for GPU indexes.
10-30 22:53 __main__     INFO      FAISS Р·Р°РіСЂСѓР¶РµРЅ
10-30 22:53 __main__     INFO      РЎРѕР·РґР°РЅРёРµ РЅРѕРІС‹С… РёРЅРґРµРєСЃРѕРІ...
10-30 22:53 __main__     INFO      Р—Р°РіСЂСѓР·РєР° СЌРјР±РµРґРґРёРЅРіРѕРІ...
10-30 22:53 __main__     INFO      Р—Р°РіСЂСѓР¶РµРЅРѕ 1056432 СЌРјР±РµРґРґРёРЅРіРѕРІ
10-30 22:53 __main__     INFO      Р—Р°РіСЂСѓР·РєР° С†РµРЅС‚СЂРѕРёРґРѕРІ...
10-30 22:53 __main__     INFO      Р—Р°РіСЂСѓР¶РµРЅРѕ 15840 С†РµРЅС‚СЂРѕРёРґРѕРІ
10-30 22:53 __main__     INFO      Р Р°Р·РјРµСЂРЅРѕСЃС‚СЊ СЌРјР±РµРґРґРёРЅРіРѕРІ: 2048
10-30 22:53 __main__     INFO      РџРѕСЃС‚СЂРѕРµРЅРёРµ РёРЅРґРµРєСЃР° РїРѕ РёР·РѕР±СЂР°Р¶РµРЅРёСЏРј...
10-30 22:53 __main__     INFO         РЎРѕР·РґР°РЅРёРµ IVF РёРЅРґРµРєСЃР° СЃ 10000 РєР»Р°СЃС‚РµСЂР°РјРё...
10-30 22:53 __main__     INFO         РћР±СѓС‡РµРЅРёРµ РёРЅРґРµРєСЃР° РЅР° 100000 РІРµРєС‚РѕСЂР°С…...
10-30 23:15 __main__     INFO         Р”РѕР±Р°РІР»РµРЅРёРµ 1056432 РІРµРєС‚РѕСЂРѕРІ РІ РёРЅРґРµРєСЃ...
10-30 23:38 __main__     INFO         РРЅРґРµРєСЃ РїРѕ РёР·РѕР±СЂР°Р¶РµРЅРёСЏРј РїРѕСЃС‚СЂРѕРµРЅ (1056432 РІРµРєС‚РѕСЂРѕРІ)
10-30 23:38 __main__     INFO      РџРѕСЃС‚СЂРѕРµРЅРёРµ РёРЅРґРµРєСЃР° РїРѕ С†РµРЅС‚СЂРѕРёРґР°Рј...
10-30 23:38 __main__     INFO      РРЅРґРµРєСЃ РїРѕ С†РµРЅС‚СЂРѕРёРґР°Рј РїРѕСЃС‚СЂРѕРµРЅ (15840 РІРµРєС‚РѕСЂРѕРІ)
10-30 23:38 __main__     INFO      РРЅРґРµРєСЃ РёР·РѕР±СЂР°Р¶РµРЅРёР№ СЃРѕС…СЂР°РЅРµРЅ: data/indexes/image_index.faiss
10-30 23:38 __main__     INFO      РРЅРґРµРєСЃ С†РµРЅС‚СЂРѕРёРґРѕРІ СЃРѕС…СЂР°РЅРµРЅ: data/indexes/centroid_index.faiss
10-30 23:38 __main__     INFO      РњР°РїРїРёРЅРіРё ID СЃРѕС…СЂР°РЅРµРЅС‹
10-30 23:38 __main__     INFO      РњРµС‚Р°РґР°РЅРЅС‹Рµ СЃРѕС…СЂР°РЅРµРЅС‹
10-30 23:38 __main__     INFO     
 Р Р•Р—РЈР›Р¬РўРђРўР«
10-30 23:38 __main__     INFO      РРЅРґРµРєСЃ РёР·РѕР±СЂР°Р¶РµРЅРёР№: 8339.64 MB (1056432 РІРµРєС‚РѕСЂРѕРІ)
10-30 23:38 __main__     INFO      РРЅРґРµРєСЃ С†РµРЅС‚СЂРѕРёРґРѕРІ: 123.75 MB (15840 РІРµРєС‚РѕСЂРѕРІ)
10-30 23:38 __main__     INFO       Р’СЂРµРјСЏ РѕР±СЂР°Р±РѕС‚РєРё: 2694.65 СЃРµРє
10-30 23:38 __main__     INFO      РЎРѕС…СЂР°РЅРµРЅРѕ РІ: data/indexes
10-30 23:38 __main__     INFO      РџСЂРѕРёР·РІРѕРґРёС‚РµР»СЊРЅРѕСЃС‚СЊ: 392.05 РІРµРєС‚РѕСЂРѕРІ/СЃРµРє
10-30 23:38 __main__     INFO     
 РџРѕСЃС‚СЂРѕРµРЅРёРµ РёРЅРґРµРєСЃРѕРІ Р·Р°РІРµСЂС€РµРЅРѕ!
