10-13 11:08 __main__     INFO      Построение центроидов
10-13 11:08 __main__     INFO      Директория эмбеддингов: data\embeddings
10-13 11:08 __main__     INFO      Директория центроидов: data\centroids
10-13 11:08 __main__     INFO      Режим: Инкрементальное обновление
10-13 11:08 __main__     INFO      Загружено существующих центроидов: 15841
10-13 11:08 __main__     INFO      Загрузка эмбеддингов...
10-13 11:12 __main__     INFO      Загружено 1058109 эмбеддингов
10-13 11:12 __main__     INFO      Группировка по деталям...
10-13 11:12 __main__     INFO      Найдено 0 новых деталей для обработки
10-13 11:12 __main__     INFO      Новых деталей нет для обработки
10-13 11:12 __main__     INFO     
 Построение центроидов завершено!
10-14 09:48 __main__     INFO      Построение центроидов
10-14 09:48 __main__     INFO      Директория эмбеддингов: data\embeddings
10-14 09:48 __main__     INFO      Директория центроидов: data\centroids
10-14 09:48 __main__     INFO      Режим: Инкрементальное обновление
10-14 09:48 __main__     INFO      Загружено существующих центроидов: 15841
10-14 09:48 __main__     INFO      Загрузка эмбеддингов...
10-14 10:07 __main__     INFO      Загружено 1058109 эмбеддингов
10-14 10:07 __main__     INFO      Группировка по деталям...
10-14 10:07 __main__     INFO      Найдено 0 новых деталей для обработки
10-14 10:07 __main__     INFO      Новых деталей нет для обработки
10-14 10:07 __main__     INFO     
 Построение центроидов завершено!
10-15 15:04 __main__     INFO      Построение центроидов
10-15 15:04 __main__     INFO      Директория эмбеддингов: data\embeddings
10-15 15:04 __main__     INFO      Директория центроидов: data\centroids
10-15 15:04 __main__     INFO      Режим: Инкрементальное обновление
10-15 15:04 __main__     INFO      Загружено существующих центроидов: 15841
10-15 15:04 __main__     INFO      Загрузка эмбеддингов...
10-15 15:06 __main__     INFO      Загружено 1058109 эмбеддингов
10-15 15:06 __main__     INFO      Группировка по деталям...
10-15 15:06 __main__     INFO      Найдено 0 новых деталей для обработки
10-15 15:06 __main__     INFO      Новых деталей нет для обработки
10-15 15:06 __main__     INFO     
 Построение центроидов завершено!
10-20 08:17 __main__     INFO      Построение центроидов
10-20 08:17 __main__     INFO      Директория эмбеддингов: data\embeddings
10-20 08:17 __main__     INFO      Директория центроидов: data\centroids
10-20 08:17 __main__     INFO      Режим: Полная перезапись
10-20 08:17 __main__     INFO       Принудительная перезапись - удаление существующих центроидов...
10-20 08:17 __main__     INFO      Создан бэкап центроидов: per_part.npy.backup
10-20 08:17 __main__     INFO      Создан бэкап имен: part_names.npy.backup
10-20 08:17 __main__     INFO      Создан бэкап метаданных: metadata.json.backup
10-20 08:17 __main__     INFO      Созданы бэкапы: 3 файлов
10-20 08:17 __main__     INFO      Загрузка эмбеддингов...
10-20 08:17 __main__     INFO      Загружено 1056432 эмбеддингов
10-20 08:17 __main__     INFO      Группировка по деталям...
10-20 08:17 __main__     INFO      Найдено 15840 новых деталей для обработки
10-20 08:17 __main__     INFO      Вычисление центроидов...
10-20 08:17 __main__     INFO      Вычислено 15840 новых центроидов
10-20 08:17 __main__     INFO      Новых центроидов: 15840
10-20 08:17 __main__     INFO      Центроиды сохранены: 15840 векторов
10-20 08:17 __main__     INFO      Метаданные сохранены
10-20 08:17 __main__     INFO      Сохранено 15840 центроидов (124.06 MB)
10-20 08:17 __main__     INFO     
 РЕЗУЛЬТАТЫ
10-20 08:17 __main__     INFO      Успешно обработано: 15840 центроидов
10-20 08:17 __main__     INFO      Всего: 15840 центроидов
10-20 08:17 __main__     INFO       Время обработки: 17.88 сек
10-20 08:17 __main__     INFO      Производительность: 886.09 центроидов/сек
10-20 08:17 __main__     INFO      Сохранено в: data\centroids
10-20 08:17 __main__     INFO      Статистика по изображениям на деталь:
10-20 08:17 __main__     INFO        Среднее: 66.7
10-20 08:17 __main__     INFO        Минимум: 1
10-20 08:17 __main__     INFO        Максимум: 159
10-20 08:18 __main__     INFO     
 Построение центроидов завершено!
10-22 10:34 __main__     INFO      Построение центроидов
10-22 10:34 __main__     INFO      Директория эмбеддингов: data\embeddings
10-22 10:34 __main__     INFO      Директория центроидов: data\centroids
10-22 10:34 __main__     INFO      Режим: Инкрементальное обновление
10-22 10:34 __main__     INFO      Загружено существующих центроидов: 15840
10-22 10:34 __main__     INFO      Загрузка эмбеддингов...
10-22 10:35 __main__     INFO      Загружено 1056432 эмбеддингов
10-22 10:35 __main__     INFO      Группировка по деталям...
10-22 10:35 __main__     INFO      Найдено 0 новых деталей для обработки
10-22 10:35 __main__     INFO      Новых деталей нет для обработки
10-22 10:35 __main__     INFO     
 Построение центроидов завершено!
10-30 22:15 __main__     INFO      РџРѕСЃС‚СЂРѕРµРЅРёРµ С†РµРЅС‚СЂРѕРёРґРѕРІ
10-30 22:15 __main__     INFO      Р”РёСЂРµРєС‚РѕСЂРёСЏ СЌРјР±РµРґРґРёРЅРіРѕРІ: data/embeddings
10-30 22:15 __main__     INFO      Р”РёСЂРµРєС‚РѕСЂРёСЏ С†РµРЅС‚СЂРѕРёРґРѕРІ: data/centroids
10-30 22:15 __main__     INFO      Р РµР¶РёРј: РРЅРєСЂРµРјРµРЅС‚Р°Р»СЊРЅРѕРµ РѕР±РЅРѕРІР»РµРЅРёРµ
10-30 22:15 __main__     INFO      Р—Р°РіСЂСѓР¶РµРЅРѕ СЃСѓС‰РµСЃС‚РІСѓСЋС‰РёС… С†РµРЅС‚СЂРѕРёРґРѕРІ: 15840
10-30 22:15 __main__     INFO      Р—Р°РіСЂСѓР·РєР° СЌРјР±РµРґРґРёРЅРіРѕРІ...
10-30 22:16 __main__     INFO      Р—Р°РіСЂСѓР¶РµРЅРѕ 1056432 СЌРјР±РµРґРґРёРЅРіРѕРІ
10-30 22:16 __main__     INFO      Р“СЂСѓРїРїРёСЂРѕРІРєР° РїРѕ РґРµС‚Р°Р»СЏРј...
10-30 22:16 __main__     INFO      РќР°Р№РґРµРЅРѕ 0 РЅРѕРІС‹С… РґРµС‚Р°Р»РµР№ РґР»СЏ РѕР±СЂР°Р±РѕС‚РєРё
10-30 22:16 __main__     INFO      РќРѕРІС‹С… РґРµС‚Р°Р»РµР№ РЅРµС‚ РґР»СЏ РѕР±СЂР°Р±РѕС‚РєРё
10-30 22:16 __main__     INFO     
 РџРѕСЃС‚СЂРѕРµРЅРёРµ С†РµРЅС‚СЂРѕРёРґРѕРІ Р·Р°РІРµСЂС€РµРЅРѕ!
